[debug] [2026-09-17T13:23:59.128Z] ----------------------------------------------------------------------
[debug] [2026-09-17T13:23:59.132Z] Command:       /Users/apple/.nvm/versions/node/v20.20.2/bin/node /usr/local/bin/firebase projects:list
[debug] [2026-09-17T13:23:59.132Z] CLI Version:   13.3.0
[debug] [2026-09-17T13:23:59.134Z] Platform:      darwin
[debug] [2026-09-17T13:23:59.135Z] Node Version:  v20.20.2
[debug] [2026-09-17T13:23:59.135Z] Time:          Thu Sep 17 2026 18:53:59 GMT+0530 (India Standard Time)
[debug] [2026-09-17T13:23:59.135Z] ----------------------------------------------------------------------
[debug] 
[debug] [2026-09-17T13:23:59.144Z] > command requires scopes: ["email","openid","https://www.googleapis.com/auth/cloudplatformprojects.readonly","https://www.googleapis.com/auth/firebase","https://www.googleapis.com/auth/cloud-platform"]
[debug] [2026-09-17T13:23:59.144Z] > authorizing via signed-in user (cws.indore@gmail.com)
[debug] [2026-09-17T13:23:59.147Z] > refreshing access token with scopes: []
[debug] [2026-09-17T13:23:59.149Z] >>> [apiv2][query] POST https://www.googleapis.com/oauth2/v3/token [none]
[debug] [2026-09-17T13:23:59.150Z] >>> [apiv2][body] POST https://www.googleapis.com/oauth2/v3/token [omitted]
[debug] [2026-09-17T13:23:59.499Z] <<< [apiv2][status] POST https://www.googleapis.com/oauth2/v3/token 400
[debug] [2026-09-17T13:23:59.499Z] <<< [apiv2][body] POST https://www.googleapis.com/oauth2/v3/token [omitted]
[debug] [2026-09-17T13:23:59.502Z] >>> [apiv2][query] GET https://firebase.googleapis.com/v1beta1/projects pageSize=1000
[debug] [2026-09-17T13:23:59.737Z] <<< [apiv2][status] GET https://firebase.googleapis.com/v1beta1/projects 401
[debug] [2026-09-17T13:23:59.737Z] <<< [apiv2][body] GET https://firebase.googleapis.com/v1beta1/projects [omitted]
[debug] [2026-09-17T13:23:59.738Z] HTTP Error: 401, Request had invalid authentication credentials. Expected OAuth 2 access token, login cookie or other valid authentication credential. See https://developers.google.com/identity/sign-in/web/devconsole-project.
[debug] [2026-09-17T13:23:59.921Z] FirebaseError: HTTP Error: 401, Request had invalid authentication credentials. Expected OAuth 2 access token, login cookie or other valid authentication credential. See https://developers.google.com/identity/sign-in/web/devconsole-project.
    at responseToError (/usr/local/lib/node_modules/firebase-tools/lib/responseToError.js:49:12)
    at RetryOperation._fn (/usr/local/lib/node_modules/firebase-tools/lib/apiv2.js:292:77)
    at process.processTicksAndRejections (node:internal/process/task_queues:95:5)
[error] 
[error] Error: Failed to list Firebase projects. See firebase-debug.log for more info.
